\BOOKMARK [1][-]{section.1}{\376\377\175\322\212\326\000\040\000\050\000I\000n\000t\000r\000o\000d\000u\000c\000t\000i\000o\000n\000\051}{}% 1
\BOOKMARK [2][-]{subsection.1.1}{\376\377\200\314\146\157\060\150\212\262\230\114\141\017\213\130}{section.1}% 2
\BOOKMARK [2][-]{subsection.1.2}{\376\377\121\110\210\114\170\024\172\166\060\156\226\120\165\114\060\150\147\052\211\343\154\172\212\262\230\114}{section.1}% 3
\BOOKMARK [2][-]{subsection.1.3}{\376\377\147\054\170\024\172\166\060\156\214\242\163\056}{section.1}% 4
\BOOKMARK [1][-]{section.2}{\376\377\164\006\212\326\166\204\200\314\146\157\060\150\133\232\137\017\123\026\000\040\000\050\000T\000h\000e\000o\000r\000y\000\040\000\046\000\040\000F\000o\000r\000m\000u\000l\000a\000t\000i\000o\000n\000\051}{}% 5
\BOOKMARK [2][-]{subsection.2.1}{\376\377\000B\000B\000O\060\150\000F\000a\000c\000t\000o\000r\000i\000z\000a\000t\000i\000o\000n\000\040\000M\000a\000c\000h\000i\000n\000e\060\156\000Q\000U\000B\000O\060\336\060\303\060\324\060\363\060\260}{section.2}% 6
\BOOKMARK [2][-]{subsection.2.2}{\376\377\137\223\147\145\060\156\060\332\060\312\060\353\060\306\060\243\154\325\060\150\060\135\060\156\170\064\175\273\060\341\060\253\060\313\060\272\060\340}{section.2}% 7
\BOOKMARK [2][-]{subsection.2.3}{\376\377\143\320\150\110\142\113\154\325\000:\000\040\060\326\060\355\060\303\060\257\166\364\124\214\127\213\000X\000Y\060\337\060\255\060\265\060\374\060\150\000W\162\266\141\113\122\035\147\037\123\026}{section.2}% 8
\BOOKMARK [2][-]{subsection.2.4}{\376\377\122\035\147\037\162\266\141\113\000:\000\040\000W\162\266\141\113\060\156\060\306\060\363\060\275\060\353\172\115}{section.2}% 9
\BOOKMARK [1][-]{section.3}{\376\377\153\324\217\003\060\131\060\213\0003\142\113\154\325\060\156\116\325\151\330\000\040\000\050\000C\000o\000m\000p\000a\000r\000i\000s\000o\000n\000\040\000M\000e\000t\000h\000o\000d\000o\000l\000o\000g\000y\000\051}{}% 10
\BOOKMARK [1][-]{section.4}{\376\377\060\271\060\261\060\374\060\352\060\363\060\260\133\237\232\023\060\156\212\055\212\010\000\040\000\050\000E\000x\000p\000e\000r\000i\000m\000e\000n\000t\000a\000l\000\040\000S\000e\000t\000u\000p\000\051}{}% 11
\BOOKMARK [2][-]{subsection.4.1}{\376\377\060\331\060\363\060\301\060\336\060\374\060\257\125\117\230\114\060\156\0007\153\265\226\216\060\271\060\261\060\374\060\353}{section.4}% 12
\BOOKMARK [2][-]{subsection.4.2}{\376\377\116\073\211\201\212\125\117\241\143\007\152\031}{section.4}% 13
\BOOKMARK [1][-]{section.5}{\376\377\133\237\232\023\175\120\147\234\060\150\060\271\060\261\060\374\060\352\060\363\060\260\162\171\140\047\060\156\211\343\147\220\000\040\000\050\000R\000e\000s\000u\000l\000t\000s\000\040\000\046\000\040\000D\000i\000s\000c\000u\000s\000s\000i\000o\000n\000\051}{}% 14
\BOOKMARK [2][-]{subsection.5.1}{\376\377\060\271\060\261\060\374\060\352\060\363\060\260\060\373\060\331\060\363\060\301\060\336\060\374\060\257\060\156\121\150\133\237\156\054\060\307\060\374\060\277}{section.5}% 15
\BOOKMARK [2][-]{subsection.5.2}{\376\377\122\066\175\004\121\105\215\263\163\207\060\156\060\271\060\261\060\374\060\352\060\363\060\260\162\171\140\047\000:\000\040\000S\000t\000a\000n\000d\000a\000r\000d\000\040\000Q\000A\000O\000A\060\156\135\051\130\312}{section.5}% 16
\BOOKMARK [2][-]{subsection.5.3}{\376\377\147\000\220\151\211\343\122\060\220\124\170\272\163\207\060\156\060\271\060\261\060\374\060\352\060\363\060\260\211\343\147\220}{section.5}% 17
\BOOKMARK [2][-]{subsection.5.4}{\376\377\060\265\060\363\060\327\060\352\060\363\060\260\170\272\163\207\122\006\136\003\060\156\166\364\143\245\153\324\217\003}{section.5}% 18
\BOOKMARK [2][-]{subsection.5.5}{\376\377\060\332\060\312\060\353\060\306\060\243\117\302\145\160\000\040\000\040\141\037\136\246\122\006\147\220\000:\000\040\121\110\210\114\170\024\172\166\000\040\000F\000M\000Q\000A\000\040\060\156\060\242\060\255\060\354\060\271\201\161}{section.5}% 19
\BOOKMARK [2][-]{subsection.5.6}{\376\377\000B\000B\000O\143\242\175\042\060\353\060\374\060\327\060\153\060\112\060\121\060\213\133\237\212\074}{section.5}% 20
\BOOKMARK [1][-]{section.6}{\376\377\175\120\212\326\060\150\116\312\137\214\060\156\134\125\147\033\000\040\000\050\000C\000o\000n\000c\000l\000u\000s\000i\000o\000n\000\040\000\046\000\040\000F\000u\000t\000u\000r\000e\000\040\000W\000o\000r\000k\000\051}{}% 21
\BOOKMARK [2][-]{subsection.6.1}{\376\377\147\054\170\024\172\166\060\156\175\120\212\326}{section.6}% 22
\BOOKMARK [2][-]{subsection.6.2}{\376\377\116\312\137\214\060\156\134\125\147\033}{section.6}% 23
